
Allocating common symbols
Common symbol       size              file

netbufpool          0x4               binaries/net.o
readylist           0x2               binaries/ready.o
rfltab              0x5a0             binaries/rflinit.o
netportseed         0x8               binaries/net.o
sleepq              0x2               binaries/clkinit.o
nnames              0x4               binaries/naminit.o
udptab              0x168             binaries/udp.o
minheap             0x4               binaries/meminit.o
marks               0x50              binaries/mark.o
currpid             0x4               binaries/initialize.o
Lf_data             0x20c             binaries/lfsinit.o
porttab             0x2d0             binaries/ptinit.o
girmask             0x2               binaries/evec.o
ttytab              0x110             binaries/ttyinit.o
proctab             0x15e0            binaries/initialize.o
prcount             0x4               binaries/initialize.o
lfltab              0xf00             binaries/lflinit.o
rdstab              0x8c              binaries/rdsinit.o
ethertab            0x130             binaries/ethinit.o
NetData             0xb0              binaries/net.o
nmarks              0x4               binaries/mark.o
initsp              0x4               binaries/i386.o
Defer               0x8               binaries/resched.o
semtab              0x4b0             binaries/initialize.o
fifonum             0x4               binaries/initialize.o
maxheap             0x4               binaries/meminit.o
preempt             0x4               binaries/clkinit.o
buftab              0xf0              binaries/bufinit.o
Rf_data             0x18              binaries/rfsinit.o
mkmutex             0x4               binaries/mark.o
clktime             0x4               binaries/clkinit.o
arpcache            0x140             binaries/arp.o
icmptab             0x230             binaries/icmp.o
nbpools             0x4               binaries/bufinit.o
queuetab            0x980             binaries/queue.o
ptnextid            0x4               binaries/ptinit.o
Ram                 0x19000           binaries/raminit.o
ipoqueue            0x2c              binaries/ip.o
memlist             0x8               binaries/initialize.o
nametab             0x19a0            binaries/naminit.o
ptfree              0x4               binaries/ptinit.o

Memory Configuration

Name             Origin             Length             Attributes
*default*        0x0000000000000000 0xffffffffffffffff

Linker script and memory map

                0x0000000000100000                physbase = 0x100000
                0x0000000000100000                . = physbase
                0x0000000000100000                . = ALIGN (0x1000)

.text           0x0000000000100000    0x1a000
                0x0000000000100000                text = ABSOLUTE (.)
 *(.text .text.*)
 .text          0x0000000000100000      0x165 binaries/start.o
                0x0000000000100020                entry
                0x000000000010003d                start
                0x00000000001000a5                inb
                0x00000000001000ad                inw
                0x00000000001000b6                inl
                0x00000000001000be                outb
                0x00000000001000c8                outw
                0x00000000001000d3                outl
                0x00000000001000dd                _rtcin
                0x00000000001000e8                ___udivsi3
                0x00000000001000f3                ___divsi3
                0x00000000001000ff                sbzero
                0x000000000010010f                bcopy
                0x0000000000100123                insw
                0x0000000000100139                outsw
                0x000000000010014f                lidt
                0x0000000000100157                jumptocode
                0x000000000010015e                jumptobootcode
 .text          0x0000000000100165      0x3e3 binaries/ascdate.o
                0x0000000000100165                ascdate
 .text          0x0000000000100548       0x14 binaries/bufinit.o
                0x0000000000100548                bufinit
 .text          0x000000000010055c       0x94 binaries/chprio.o
                0x000000000010055c                chprio
 .text          0x00000000001005f0       0x96 binaries/clkhandler.o
                0x00000000001005f0                clkhandler
 .text          0x0000000000100686       0x7e binaries/clkinit.o
                0x0000000000100686                clkinit
 .text          0x0000000000100704       0x75 binaries/close.o
                0x0000000000100704                close
 .text          0x0000000000100779        0x0 binaries/conf.o
 .text          0x0000000000100779       0x7b binaries/control.o
                0x0000000000100779                control
 .text          0x00000000001007f4      0x2c0 binaries/create.o
                0x00000000001007f4                create
 .text          0x0000000000100ab4      0x359 binaries/evec.o
                0x0000000000100ab4                initevec
                0x0000000000100b0b                set_evec
                0x0000000000100bad                trap
 .text          0x0000000000100e0d       0x19 binaries/exit.o
                0x0000000000100e0d                exit
 .text          0x0000000000100e26       0x8c binaries/freebuf.o
                0x0000000000100e26                freebuf
 .text          0x0000000000100eb2      0x172 binaries/freemem.o
                0x0000000000100eb2                freemem
 .text          0x0000000000101024       0x8a binaries/getbuf.o
                0x0000000000101024                getbuf
 .text          0x00000000001010ae       0x75 binaries/getc.o
                0x00000000001010ae                getc
 .text          0x0000000000101123       0x74 binaries/getdev.o
                0x0000000000101123                getdev
 .text          0x0000000000101197       0xd0 binaries/getitem.o
                0x0000000000101197                getfirst
                0x00000000001011dc                getlast
                0x0000000000101223                getitem
 .text          0x0000000000101267      0x124 binaries/getmem.o
                0x0000000000101267                getmem
 .text          0x000000000010138b        0xa binaries/getpid.o
                0x000000000010138b                getpid
 .text          0x0000000000101395       0x7d binaries/getprio.o
                0x0000000000101395                getprio
 .text          0x0000000000101412       0xfb binaries/getstk.o
                0x0000000000101412                getstk
 .text          0x000000000010150d       0x16 binaries/getticks.o
                0x000000000010150d                getticks
 .text          0x0000000000101523       0x3a binaries/gettime.o
                0x0000000000101523                gettime
 .text          0x000000000010155d      0x1e4 binaries/getutime.o
                0x000000000010155d                getutime
 .text          0x0000000000101741      0x3c5 binaries/i386.o
                0x0000000000101741                setsegs
                0x0000000000101853                init8259
                0x0000000000101905                pseg
                0x0000000000101aad                setirmask
 .text          0x0000000000101b06       0x75 binaries/init.o
                0x0000000000101b06                init
 .text          0x0000000000101b7b      0x3d2 binaries/initialize.o
                0x0000000000101b7b                nulluser
                0x0000000000101ef4                stop
                0x0000000000101f1f                delay
 .text          0x0000000000101f4d       0xef binaries/insert.o
                0x0000000000101f4d                insert
 .text          0x000000000010203c      0x110 binaries/insertd.o
                0x000000000010203c                insertd
 .text          0x000000000010214c        0xa binaries/ioerr.o
                0x000000000010214c                ioerr
 .text          0x0000000000102156        0xa binaries/ionull.o
                0x0000000000102156                ionull
 .text          0x0000000000102160      0x19d binaries/kill.o
                0x0000000000102160                kill
 .text          0x00000000001022fd      0x14e binaries/kprintf.o
                0x00000000001022fd                kputc
                0x0000000000102390                kgetc
                0x0000000000102421                kprintf
 .text          0x000000000010244b       0xff binaries/main.o
                0x000000000010244b                main
 .text          0x000000000010254a       0xb5 binaries/mark.o
                0x000000000010254a                markinit
                0x000000000010256e                mark
 .text          0x00000000001025ff       0xcc binaries/meminit.o
                0x00000000001025ff                meminit
 .text          0x00000000001026cb      0x174 binaries/mkbufpool.o
                0x00000000001026cb                mkbufpool
 .text          0x000000000010283f       0x94 binaries/newqueue.o
                0x000000000010283f                newqueue
 .text          0x00000000001028d3       0x7b binaries/open.o
                0x00000000001028d3                open
 .text          0x000000000010294e       0x20 binaries/panic.o
                0x000000000010294e                panic
 .text          0x000000000010296e      0x489 binaries/pci.o
                0x000000000010296e                pci_init
                0x0000000000102c2b                find_pci_device
                0x0000000000102c79                pci_bios_read_config_byte
                0x0000000000102cb8                pci_bios_read_config_word
                0x0000000000102cfa                pci_bios_read_config_dword
                0x0000000000102d39                pci_bios_write_config_byte
                0x0000000000102d7a                pci_bios_write_config_word
                0x0000000000102dbc                pci_bios_write_config_dword
 .text          0x0000000000102df7      0x131 binaries/process1.o
                0x0000000000102df7                process1
                0x0000000000102e14                process2
                0x0000000000102e31                process3
                0x0000000000102e4e                process4
                0x0000000000102e70                process5
                0x0000000000102e8d                process6
                0x0000000000102eaa                process7
                0x0000000000102ecc                process8
                0x0000000000102ee9                process9
                0x0000000000102f06                process10
 .text          0x0000000000102f28       0xf1 binaries/ptclear.o
                0x0000000000102f28                _ptclear
 .text          0x0000000000103019       0x9d binaries/ptcount.o
                0x0000000000103019                ptcount
 .text          0x00000000001030b6      0x116 binaries/ptcreate.o
                0x00000000001030b6                ptcreate
 .text          0x00000000001031cc       0x7f binaries/ptdelete.o
                0x00000000001031cc                ptdelete
 .text          0x000000000010324b       0xbf binaries/ptinit.o
                0x000000000010324b                ptinit
 .text          0x000000000010330a      0x11b binaries/ptrecv.o
                0x000000000010330a                ptrecv
 .text          0x0000000000103425       0x77 binaries/ptreset.o
                0x0000000000103425                ptreset
 .text          0x000000000010349c      0x13d binaries/ptsend.o
                0x000000000010349c                ptsend
 .text          0x00000000001035d9       0x80 binaries/putc.o
                0x00000000001035d9                putc
 .text          0x0000000000103659      0x111 binaries/queue.o
                0x0000000000103659                enqueue
                0x00000000001036fd                dequeue
 .text          0x000000000010376a       0x7b binaries/read.o
                0x000000000010376a                read
 .text          0x00000000001037e5       0x7e binaries/ready.o
                0x00000000001037e5                ready
 .text          0x0000000000103863       0x62 binaries/receive.o
                0x0000000000103863                receive
 .text          0x00000000001038c5       0x5e binaries/recvclr.o
                0x00000000001038c5                recvclr
 .text          0x0000000000103923       0xbd binaries/recvtime.o
                0x0000000000103923                recvtime
 .text          0x00000000001039e0      0x16c binaries/resched.o
                0x00000000001039e0                resched
                0x0000000000103ad7                resched_cntl
 .text          0x0000000000103b4c       0xb1 binaries/resume.o
                0x0000000000103b4c                resume
 .text          0x0000000000103bfd       0x79 binaries/seek.o
                0x0000000000103bfd                seek
 .text          0x0000000000103c76       0x70 binaries/semcount.o
                0x0000000000103c76                semcount
 .text          0x0000000000103ce6       0xd6 binaries/semcreate.o
                0x0000000000103ce6                semcreate
 .text          0x0000000000103dbc       0xcd binaries/semdelete.o
                0x0000000000103dbc                semdelete
 .text          0x0000000000103e89       0xcb binaries/semreset.o
                0x0000000000103e89                semreset
 .text          0x0000000000103f54       0xed binaries/send.o
                0x0000000000103f54                send
 .text          0x0000000000104041       0xa8 binaries/signal.o
                0x0000000000104041                signal
 .text          0x00000000001040e9       0xd6 binaries/signaln.o
                0x00000000001040e9                signaln
 .text          0x00000000001041bf       0xed binaries/sleep.o
                0x00000000001041bf                sleep
                0x000000000010420d                sleepms
 .text          0x00000000001042ac      0x192 binaries/stacktrace.o
                0x00000000001042ac                stacktrace
 .text          0x000000000010443e       0xe7 binaries/suspend.o
                0x000000000010443e                suspend
 .text          0x0000000000104525       0xe9 binaries/unsleep.o
                0x0000000000104525                unsleep
 .text          0x000000000010460e       0x19 binaries/userret.o
                0x000000000010460e                userret
 .text          0x0000000000104627       0xdd binaries/wait.o
                0x0000000000104627                wait
 .text          0x0000000000104704       0x72 binaries/wakeup.o
                0x0000000000104704                wakeup
 .text          0x0000000000104776       0x7b binaries/write.o
                0x0000000000104776                write
 .text          0x00000000001047f1       0x1d binaries/xdone.o
                0x00000000001047f1                xdone
 .text          0x000000000010480e       0x28 binaries/yield.o
                0x000000000010480e                yield
 .text          0x0000000000104836       0x11 binaries/abs.o
                0x0000000000104836                abs
 .text          0x0000000000104847       0x8f binaries/atoi.o
                0x0000000000104847                atoi
 .text          0x00000000001048d6       0x8f binaries/atol.o
                0x00000000001048d6                atol
 .text          0x0000000000104965       0x31 binaries/bzero.o
                0x0000000000104965                bzero
 .text          0x0000000000104996        0x0 binaries/ctype_.o
 .text          0x0000000000104996      0x8ed binaries/doprnt.o
                0x0000000000104996                _doprnt
 .text          0x0000000000105283      0x65c binaries/doscan.o
                0x0000000000105283                _doscan
 .text          0x00000000001058df      0x711 binaries/fdoprnt.o
                0x00000000001058df                _fdoprnt
 .text          0x0000000000105ff0       0x29 binaries/fgetc.o
                0x0000000000105ff0                fgetc
 .text          0x0000000000106019       0x75 binaries/fgets.o
                0x0000000000106019                fgets
 .text          0x000000000010608e       0x2a binaries/fprintf.o
                0x000000000010608e                fprintf
 .text          0x00000000001060b8       0x2c binaries/fputc.o
                0x00000000001060b8                fputc
 .text          0x00000000001060e4       0x43 binaries/fputs.o
                0x00000000001060e4                fputs
 .text          0x0000000000106127       0x8a binaries/fscanf.o
                0x0000000000106127                fscanf
 .text          0x00000000001061b1       0x32 binaries/getchar.o
                0x00000000001061b1                getchar
 .text          0x00000000001061e3       0x11 binaries/labs.o
                0x00000000001061e3                labs
 .text          0x00000000001061f4        0x0 binaries/memchr.o
 .text          0x00000000001061f4       0x51 binaries/memcmp.o
                0x00000000001061f4                memcmp
 .text          0x0000000000106245       0x3f binaries/memcpy.o
                0x0000000000106245                memcpy
 .text          0x0000000000106284       0x30 binaries/memset.o
                0x0000000000106284                memset
 .text          0x00000000001062b4       0x48 binaries/printf.o
                0x00000000001062b4                printf
 .text          0x00000000001062fc       0x35 binaries/putchar.o
                0x00000000001062fc                putchar
 .text          0x0000000000106331      0x27e binaries/qsort.o
                0x0000000000106331                qsort
 .text          0x00000000001065af       0x63 binaries/rand.o
                0x00000000001065af                rand
                0x00000000001065c7                rand_r
                0x0000000000106605                srand
 .text          0x0000000000106612       0x66 binaries/sprintf.o
                0x0000000000106612                sprintf
 .text          0x0000000000106678       0x70 binaries/sscanf.o
                0x0000000000106678                sscanf
 .text          0x00000000001066e8       0x3c binaries/strchr.o
                0x00000000001066e8                strchr
 .text          0x0000000000106724       0x45 binaries/strcmp.o
                0x0000000000106724                strcmp
 .text          0x0000000000106769       0x27 binaries/strcpy.o
                0x0000000000106769                strcpy
 .text          0x0000000000106790       0x26 binaries/strlen.o
                0x0000000000106790                strlen
 .text          0x00000000001067b6       0x56 binaries/strncat.o
                0x00000000001067b6                strncat
 .text          0x000000000010680c       0x5f binaries/strncmp.o
                0x000000000010680c                strncmp
 .text          0x000000000010686b       0x4f binaries/strncpy.o
                0x000000000010686b                strncpy
 .text          0x00000000001068ba       0x2e binaries/strnlen.o
                0x00000000001068ba                strnlen
 .text          0x00000000001068e8       0x45 binaries/strrchr.o
                0x00000000001068e8                strrchr
 .text          0x000000000010692d       0x6d binaries/strstr.o
                0x000000000010692d                strstr
 .text          0x000000000010699a       0xe4 binaries/ttycontrol.o
                0x000000000010699a                ttycontrol
 .text          0x0000000000106a7e       0x97 binaries/ttygetc.o
                0x0000000000106a7e                ttygetc
 .text          0x0000000000106b15      0x6ee binaries/ttyhandle_in.o
                0x0000000000106b15                ttyhandle_in
 .text          0x0000000000107203      0x1ae binaries/ttyhandle_out.o
                0x0000000000107203                ttyhandle_out
 .text          0x00000000001073b1       0xce binaries/ttyhandler.o
                0x00000000001073b1                ttyhandler
 .text          0x000000000010747f      0x22f binaries/ttyinit.o
                0x000000000010747f                ttyinit
 .text          0x00000000001076ae       0x1b binaries/ttykickout.o
                0x00000000001076ae                ttykickout
 .text          0x00000000001076c9       0xb7 binaries/ttyputc.o
                0x00000000001076c9                ttyputc
 .text          0x0000000000107780      0x11b binaries/ttyread.o
                0x0000000000107780                ttyread
 .text          0x000000000010789b       0x4f binaries/ttywrite.o
                0x000000000010789b                ttywrite
 .text          0x00000000001078ea      0x14b binaries/mount.o
                0x00000000001078ea                mount
                0x00000000001079ff                namlen
 .text          0x0000000000107a35      0x1ea binaries/naminit.o
                0x0000000000107a35                naminit
 .text          0x0000000000107c1f      0x211 binaries/nammap.o
                0x0000000000107c1f                nammap
                0x0000000000107caa                namrepl
                0x0000000000107de0                namcpy
 .text          0x0000000000107e30       0x4e binaries/namopen.o
                0x0000000000107e30                namopen
 .text          0x0000000000107e7e      0xec3 binaries/82545EMInit.o
                0x0000000000107edc                _82545EMInit
                0x0000000000108bad                _82545EM_read_phy_reg
                0x0000000000108c73                _82545EM_write_phy_reg
 .text          0x0000000000108d41      0x241 binaries/ethcontrol.o
                0x0000000000108d9f                ethcontrol
                0x0000000000108f15                ethIrqDisable
                0x0000000000108f4a                ethIrqEnable
 .text          0x0000000000108f82      0x252 binaries/ethhandler.o
                0x00000000001090f2                ethhandler
 .text          0x00000000001091d4      0x126 binaries/ethinit.o
                0x00000000001091d4                ethinit
 .text          0x00000000001092fa      0x1f4 binaries/ethread.o
                0x0000000000109358                ethread
 .text          0x00000000001094ee      0x19f binaries/ethwrite.o
                0x000000000010954c                ethwrite
 .text          0x000000000010968d       0x9e binaries/rdsbufalloc.o
                0x000000000010968d                rdsbufalloc
 .text          0x000000000010972b       0xcc binaries/rdsclose.o
                0x000000000010972b                rdsclose
 .text          0x00000000001097f7      0x2e8 binaries/rdscomm.o
                0x00000000001097f7                rdscomm
 .text          0x0000000000109adf      0x233 binaries/rdscontrol.o
                0x0000000000109adf                rdscontrol
 .text          0x0000000000109d12      0x1f3 binaries/rdsinit.o
                0x0000000000109d12                rdsinit
 .text          0x0000000000109f05      0x19b binaries/rdsopen.o
                0x0000000000109f05                rdsopen
 .text          0x000000000010a0a0      0x461 binaries/rdsprocess.o
                0x000000000010a0a0                rdsprocess
 .text          0x000000000010a501      0x259 binaries/rdsread.o
                0x000000000010a501                rdsread
 .text          0x000000000010a75a      0x1fe binaries/rdswrite.o
                0x000000000010a75a                rdswrite
 .text          0x000000000010a958        0xa binaries/ramclose.o
                0x000000000010a958                ramclose
 .text          0x000000000010a962       0x3e binaries/raminit.o
                0x000000000010a962                raminit
 .text          0x000000000010a9a0        0xa binaries/ramopen.o
                0x000000000010a9a0                ramopen
 .text          0x000000000010a9aa       0x32 binaries/ramread.o
                0x000000000010a9aa                ramread
 .text          0x000000000010a9dc       0x32 binaries/ramwrite.o
                0x000000000010a9dc                ramwrite
 .text          0x000000000010aa0e       0x98 binaries/lfdballoc.o
                0x000000000010aa0e                lfdballoc
 .text          0x000000000010aaa6       0x58 binaries/lfdbfree.o
                0x000000000010aaa6                lfdbfree
 .text          0x000000000010aafe       0xb6 binaries/lfflush.o
                0x000000000010aafe                lfflush
 .text          0x000000000010abb4       0xd8 binaries/lfgetmode.o
                0x000000000010abb4                lfgetmode
 .text          0x000000000010ac8c       0x68 binaries/lfiballoc.o
                0x000000000010ac8c                lfiballoc
 .text          0x000000000010acf4       0x3b binaries/lfibclear.o
                0x000000000010acf4                lfibclear
 .text          0x000000000010ad2f       0xad binaries/lfibget.o
                0x000000000010ad2f                lfibget
 .text          0x000000000010addc       0xdc binaries/lfibput.o
                0x000000000010addc                lfibput
 .text          0x000000000010aeb8       0xa2 binaries/lflclose.o
                0x000000000010aeb8                lflclose
 .text          0x000000000010af5a       0xd0 binaries/lflcontrol.o
                0x000000000010af5a                lflcontrol
 .text          0x000000000010b02a       0xf2 binaries/lflgetc.o
                0x000000000010b02a                lflgetc
 .text          0x000000000010b11c       0xf1 binaries/lflinit.o
                0x000000000010b11c                lflinit
 .text          0x000000000010b20d      0x122 binaries/lflputc.o
                0x000000000010b20d                lflputc
 .text          0x000000000010b32f       0x70 binaries/lflread.o
                0x000000000010b32f                lflread
 .text          0x000000000010b39f       0xac binaries/lflseek.o
                0x000000000010b39f                lflseek
 .text          0x000000000010b44b       0x55 binaries/lflwrite.o
                0x000000000010b44b                lflwrite
 .text          0x000000000010b4a0       0x62 binaries/lfscheck.o
                0x000000000010b4a0                lfscheck
 .text          0x000000000010b502      0x175 binaries/lfsckfmt.o
                0x000000000010b502                lfsckfmt
 .text          0x000000000010b677      0x1ad binaries/lfscreate.o
                0x000000000010b677                lfscreate
 .text          0x000000000010b824      0x278 binaries/lfsetup.o
                0x000000000010b824                lfsetup
 .text          0x000000000010ba9c       0x51 binaries/lfsinit.o
                0x000000000010ba9c                lfsinit
 .text          0x000000000010baed      0x3c0 binaries/lfsopen.o
                0x000000000010baed                lfsopen
 .text          0x000000000010bead      0x15e binaries/lftruncate.o
                0x000000000010bead                lftruncate
 .text          0x000000000010c00b       0x71 binaries/rflclose.o
                0x000000000010c00b                rflclose
 .text          0x000000000010c07c       0x32 binaries/rflgetc.o
                0x000000000010c07c                rflgetc
 .text          0x000000000010c0ae       0x76 binaries/rflinit.o
                0x000000000010c0ae                rflinit
 .text          0x000000000010c124       0x33 binaries/rflputc.o
                0x000000000010c124                rflputc
 .text          0x000000000010c157      0x360 binaries/rflread.o
                0x000000000010c157                rflread
 .text          0x000000000010c4b7       0x74 binaries/rflseek.o
                0x000000000010c4b7                rflseek
 .text          0x000000000010c52b      0x34d binaries/rflwrite.o
                0x000000000010c52b                rflwrite
 .text          0x000000000010c878      0x1e2 binaries/rfscomm.o
                0x000000000010c878                rfscomm
 .text          0x000000000010ca5a      0x26d binaries/rfscontrol.o
                0x000000000010ca5a                rfscontrol
 .text          0x000000000010ccc7       0xd8 binaries/rfsgetmode.o
                0x000000000010ccc7                rfsgetmode
 .text          0x000000000010cd9f       0x86 binaries/rfsinit.o
                0x000000000010cd9f                rfsinit
 .text          0x000000000010ce25      0x111 binaries/rfsndmsg.o
                0x000000000010ce25                rfsndmsg
 .text          0x000000000010cf36      0x2aa binaries/rfsopen.o
                0x000000000010cf36                rfsopen
 .text          0x000000000010d1e0      0x836 binaries/arp.o
                0x000000000010d1e0                arp_init
                0x000000000010d212                arp_resolve
                0x000000000010d4c6                arp_in
                0x000000000010d77e                arp_alloc
                0x000000000010d83e                arp_ntoh
                0x000000000010d92a                arp_hton
 .text          0x000000000010da16      0x8e3 binaries/dhcp.o
                0x000000000010da16                dhcp_get_opt_val
                0x000000000010da6f                dhcp_bld_bootp_msg
                0x000000000010db7c                dhcp_bld_disc
                0x000000000010dc65                dhcp_bld_req
                0x000000000010ddd7                getlocalip
 .text          0x000000000010e2f9      0x59f binaries/dns.o
                0x000000000010e2f9                dnslookup
 .text          0x000000000010e898       0xe8 binaries/dot2ip.o
                0x000000000010e898                dot2ip
 .text          0x000000000010e980      0x4c4 binaries/hexdump.o
                0x000000000010e980                hexdump
                0x000000000010eb27                hexadump
 .text          0x000000000010ee44      0x8a8 binaries/icmp.o
                0x000000000010ee44                icmp_init
                0x000000000010ee7b                icmp_in
                0x000000000010f051                icmp_register
                0x000000000010f14c                icmp_recv
                0x000000000010f2d8                icmp_send
                0x000000000010f360                icmp_mkpkt
                0x000000000010f47a                icmp_release
                0x000000000010f578                icmp_cksum
                0x000000000010f604                icmp_hton
                0x000000000010f678                icmp_ntoh
 .text          0x000000000010f6ec      0x8a5 binaries/ip.o
                0x000000000010f6ec                ip_in
                0x000000000010f870                ip_send
                0x000000000010f9cb                ip_local
                0x000000000010fa17                ip_out
                0x000000000010fb50                ipcksum
                0x000000000010fbd6                ip_ntoh
                0x000000000010fcc2                ip_hton
                0x000000000010fdae                ipout
                0x000000000010fedd                ip_enqueue
 .text          0x000000000010ff91      0x2cd binaries/net.o
                0x000000000010ff91                net_init
                0x00000000001100b9                netin
                0x0000000000110176                eth_hton
                0x00000000001101a0                eth_ntoh
                0x00000000001101ca                getport
 .text          0x000000000011025e     0x147f binaries/pdump.o
                0x000000000011025e                pdump
                0x000000000011101b                pdumph
 .text          0x00000000001116dd      0x613 binaries/tftp.o
                0x00000000001116dd                tftp_send1
                0x0000000000111855                tftpget
                0x0000000000111887                tftpget_mb
 .text          0x0000000000111cf0      0xb82 binaries/udp.o
                0x0000000000111cf0                udp_init
                0x0000000000111d25                udp_in
                0x0000000000111e67                udp_register
                0x0000000000111fa4                udp_recv
                0x0000000000112140                udp_recvaddr
                0x00000000001122f4                udp_send
                0x00000000001124dc                udp_sendto
                0x000000000011268d                udp_release
                0x0000000000112788                udp_ntoh
                0x00000000001127fd                udp_hton
 .text          0x0000000000112872      0x13b binaries/addargs.o
                0x0000000000112872                addargs
 .text          0x00000000001129ad      0x2c9 binaries/lexan.o
                0x00000000001129ad                lexan
 .text          0x0000000000112c76      0x667 binaries/shell.o
                0x0000000000112c76                shell
 .text          0x00000000001132dd       0x69 binaries/xsh_argecho.o
                0x00000000001132dd                xsh_argecho
 .text          0x0000000000113346      0x275 binaries/xsh_arp.o
                0x0000000000113346                xsh_arp
 .text          0x00000000001135bb      0x275 binaries/xsh_cat.o
                0x00000000001135bb                xsh_cat
 .text          0x0000000000113830       0x5f binaries/xsh_clear.o
                0x0000000000113830                xsh_clear
 .text          0x000000000011388f      0x2ff binaries/xsh_date.o
                0x000000000011388f                xsh_date
 .text          0x0000000000113b8e       0xaf binaries/xsh_devdump.o
                0x0000000000113b8e                xsh_devdump
 .text          0x0000000000113c3d       0x72 binaries/xsh_echo.o
                0x0000000000113c3d                xsh_echo
 .text          0x0000000000113caf        0xa binaries/xsh_exit.o
                0x0000000000113caf                xsh_exit
 .text          0x0000000000113cb9      0x38b binaries/xsh_help.o
                0x0000000000113cb9                xsh_help
 .text          0x0000000000114044      0x24e binaries/xsh_kill.o
                0x0000000000114044                xsh_kill
 .text          0x0000000000114292      0x54b binaries/xsh_memdump.o
                0x0000000000114292                xsh_memdump
 .text          0x00000000001147dd      0x2b1 binaries/xsh_memstat.o
                0x00000000001147dd                xsh_memstat
 .text          0x0000000000114a8e      0x511 binaries/xsh_netinfo.o
                0x0000000000114a8e                xsh_netinfo
 .text          0x0000000000114f9f      0x498 binaries/xsh_ping.o
                0x0000000000114f9f                xsh_ping
 .text          0x0000000000115437      0x229 binaries/xsh_ps.o
                0x0000000000115437                xsh_ps
 .text          0x0000000000115660      0x22a binaries/xsh_sleep.o
                0x0000000000115660                xsh_sleep
 .text          0x000000000011588a      0x27c binaries/xsh_udpdump.o
                0x000000000011588a                xsh_udpdump
 .text          0x0000000000115b06      0x4cc binaries/xsh_udpecho.o
                0x0000000000115b06                xsh_udpecho
 .text          0x0000000000115fd2      0x2b6 binaries/xsh_udpserver.o
                0x0000000000115fd2                xsh_udpeserver
 .text          0x0000000000116288      0x1f5 binaries/xsh_uptime.o
                0x0000000000116288                xsh_uptime
 .text          0x000000000011647d        0xe binaries/clkdisp.o
                0x000000000011647d                clkdisp
 .text          0x000000000011648b       0x19 binaries/ctxsw.o
                0x000000000011648b                ctxsw
 .text          0x00000000001164a4      0x36b binaries/intr.o
                0x00000000001164a4                disable
                0x00000000001164ad                restore
                0x00000000001164bb                enable
                0x00000000001164bd                pause
                0x00000000001164c4                halt
                0x00000000001164ca                spurious_irq7
                0x00000000001164cf                spurious_irq15
                0x00000000001164de                _Xint0
                0x00000000001164e9                _Xint1
                0x00000000001164f4                _Xint2
                0x00000000001164ff                _Xint3
                0x000000000011650a                _Xint4
                0x0000000000116515                _Xint5
                0x0000000000116520                _Xint6
                0x000000000011652b                _Xint7
                0x0000000000116536                _Xint8
                0x0000000000116541                _Xint9
                0x000000000011654c                _Xint10
                0x0000000000116557                _Xint11
                0x0000000000116565                _Xint12
                0x0000000000116573                _Xint13
                0x0000000000116581                _Xint14
                0x000000000011658f                _Xint15
                0x000000000011659d                _Xint16
                0x00000000001165ab                _Xint17
                0x00000000001165b9                _Xint18
                0x00000000001165c7                _Xint19
                0x00000000001165d5                _Xint20
                0x00000000001165e3                _Xint21
                0x00000000001165f1                _Xint22
                0x00000000001165ff                _Xint23
                0x000000000011660d                _Xint24
                0x000000000011661b                _Xint25
                0x0000000000116629                _Xint26
                0x0000000000116637                _Xint27
                0x0000000000116645                _Xint28
                0x0000000000116653                _Xint29
                0x0000000000116661                _Xint30
                0x000000000011666f                _Xint31
                0x000000000011667d                _Xint32
                0x000000000011668b                _Xint33
                0x0000000000116699                _Xint34
                0x00000000001166a7                _Xint35
                0x00000000001166b5                _Xint36
                0x00000000001166c3                _Xint37
                0x00000000001166d1                _Xint38
                0x00000000001166df                _Xint39
                0x00000000001166ed                _Xint40
                0x00000000001166fb                _Xint41
                0x0000000000116709                _Xint42
                0x0000000000116717                _Xint43
                0x0000000000116725                _Xint44
                0x0000000000116733                _Xint45
                0x0000000000116741                _Xint46
                0x000000000011674f                defevec
 .text          0x000000000011680f        0xf binaries/ttydispatch.o
                0x000000000011680f                ttydispatch
 .text          0x000000000011681e       0x13 binaries/ethdispatch.o
                0x000000000011681e                ethdispatch
 *(.rodata .rodata.*)
 *fill*         0x0000000000116831        0x3 
 .rodata        0x0000000000116834       0x8e binaries/ascdate.o
 .rodata        0x00000000001168c2       0xae binaries/conf.o
 .rodata        0x0000000000116970      0x22f binaries/evec.o
 *fill*         0x0000000000116b9f        0x1 
 .rodata        0x0000000000116ba0       0x61 binaries/getutime.o
 *fill*         0x0000000000116c01        0x3 
 .rodata        0x0000000000116c04       0x90 binaries/i386.o
 .rodata        0x0000000000116c94      0x180 binaries/initialize.o
 .rodata        0x0000000000116e14       0x20 binaries/kill.o
 .rodata        0x0000000000116e34       0x33 binaries/main.o
 .rodata        0x0000000000116e67        0xf binaries/panic.o
 *fill*         0x0000000000116e76        0x2 
 .rodata        0x0000000000116e78      0x1ec binaries/pci.o
 .rodata        0x0000000000117064       0xe7 binaries/process1.o
 .rodata        0x000000000011714b       0x1d binaries/ptinit.o
 .rodata        0x0000000000117168       0x25 binaries/ptsend.o
 *fill*         0x000000000011718d        0x3 
 .rodata        0x0000000000117190       0xb7 binaries/stacktrace.o
 *fill*         0x0000000000117247        0x1 
 .rodata        0x0000000000117248       0x27 binaries/xdone.o
 *fill*         0x000000000011726f       0x11 
 .rodata        0x0000000000117280       0x81 binaries/ctype_.o
                0x0000000000117280                _ctype_
 *fill*         0x0000000000117301        0x3 
 .rodata        0x0000000000117304       0xee binaries/doprnt.o
 *fill*         0x00000000001173f2        0x2 
 .rodata        0x00000000001173f4       0x98 binaries/doscan.o
 .rodata        0x000000000011748c       0xae binaries/fdoprnt.o
 *fill*         0x000000000011753a        0x2 
 .rodata        0x000000000011753c       0x20 binaries/ttycontrol.o
 .rodata        0x000000000011755c       0x34 binaries/ttyhandler.o
 .rodata        0x0000000000117590       0x80 binaries/naminit.o
 .rodata        0x0000000000117610       0x2e binaries/82545EMInit.o
 *fill*         0x000000000011763e        0x2 
 .rodata        0x0000000000117640       0x78 binaries/ethinit.o
 .rodata        0x00000000001176b8       0x18 binaries/ethread.o
 .rodata        0x00000000001176d0       0x2c binaries/rdsbufalloc.o
 .rodata        0x00000000001176fc       0x76 binaries/rdscomm.o
 *fill*         0x0000000000117772        0x2 
 .rodata        0x0000000000117774       0x48 binaries/rdscontrol.o
 .rodata        0x00000000001177bc       0x96 binaries/rdsinit.o
 *fill*         0x0000000000117852        0x2 
 .rodata        0x0000000000117854       0x22 binaries/rdsopen.o
 *fill*         0x0000000000117876        0x2 
 .rodata        0x0000000000117878       0x4d binaries/rdsprocess.o
 .rodata        0x00000000001178c5        0x9 binaries/raminit.o
 *fill*         0x00000000001178ce        0x2 
 .rodata        0x00000000001178d0       0x37 binaries/lfdballoc.o
 .rodata        0x0000000000117907       0x14 binaries/lfiballoc.o
 *fill*         0x000000000011791b        0x1 
 .rodata        0x000000000011791c       0x23 binaries/lflcontrol.o
 *fill*         0x000000000011793f        0x1 
 .rodata        0x0000000000117940      0x11b binaries/lfsckfmt.o
 *fill*         0x0000000000117a5b        0x1 
 .rodata        0x0000000000117a5c       0x2a binaries/lfsopen.o
 *fill*         0x0000000000117a86        0x2 
 .rodata        0x0000000000117a88       0x21 binaries/rflread.o
 *fill*         0x0000000000117aa9        0x3 
 .rodata        0x0000000000117aac       0x21 binaries/rflwrite.o
 *fill*         0x0000000000117acd        0x3 
 .rodata        0x0000000000117ad0       0x75 binaries/rfscomm.o
 *fill*         0x0000000000117b45        0x3 
 .rodata        0x0000000000117b48       0x3c binaries/rfscontrol.o
 .rodata        0x0000000000117b84       0x63 binaries/rfsinit.o
 *fill*         0x0000000000117be7        0x1 
 .rodata        0x0000000000117be8       0x2a binaries/rfsndmsg.o
 *fill*         0x0000000000117c12        0x2 
 .rodata        0x0000000000117c14       0x22 binaries/rfsopen.o
 *fill*         0x0000000000117c36        0x2 
 .rodata        0x0000000000117c38       0x3a binaries/arp.o
 *fill*         0x0000000000117c72        0x2 
 .rodata        0x0000000000117c74       0xcf binaries/dhcp.o
 .rodata        0x0000000000117d43       0x1a binaries/dns.o
 *fill*         0x0000000000117d5d        0x3 
 .rodata        0x0000000000117d60       0xc9 binaries/hexdump.o
 *fill*         0x0000000000117e29        0x3 
 .rodata        0x0000000000117e2c       0x29 binaries/icmp.o
 *fill*         0x0000000000117e55        0x3 
 .rodata        0x0000000000117e58       0x6e binaries/ip.o
 *fill*         0x0000000000117ec6        0x2 
 .rodata        0x0000000000117ec8       0x4f binaries/net.o
 *fill*         0x0000000000117f17        0x1 
 .rodata        0x0000000000117f18      0x26f binaries/pdump.o
 *fill*         0x0000000000118187        0x1 
 .rodata        0x0000000000118188      0x154 binaries/tftp.o
 *fill*         0x00000000001182dc        0x4 
 .rodata        0x00000000001182e0      0x3c1 binaries/shell.o
                0x0000000000118360                cmdtab
 .rodata        0x00000000001186a1       0x28 binaries/xsh_argecho.o
 *fill*         0x00000000001186c9        0x3 
 .rodata        0x00000000001186cc      0x123 binaries/xsh_arp.o
 *fill*         0x00000000001187ef        0x1 
 .rodata        0x00000000001187f0       0xc9 binaries/xsh_cat.o
 .rodata        0x00000000001188b9       0x19 binaries/xsh_clear.o
 *fill*         0x00000000001188d2        0x2 
 .rodata        0x00000000001188d4      0x1c3 binaries/xsh_date.o
 .rodata        0x0000000000118a97       0x5d binaries/xsh_devdump.o
 .rodata        0x0000000000118af4        0x9 binaries/xsh_echo.o
 *fill*         0x0000000000118afd        0x3 
 .rodata        0x0000000000118b00      0x169 binaries/xsh_help.o
 *fill*         0x0000000000118c69        0x3 
 .rodata        0x0000000000118c6c      0x12e binaries/xsh_kill.o
 *fill*         0x0000000000118d9a        0x2 
 .rodata        0x0000000000118d9c      0x266 binaries/xsh_memdump.o
 *fill*         0x0000000000119002        0x2 
 .rodata        0x0000000000119004      0x225 binaries/xsh_memstat.o
 *fill*         0x0000000000119229        0x3 
 .rodata        0x000000000011922c      0x1b0 binaries/xsh_netinfo.o
 .rodata        0x00000000001193dc      0x1a1 binaries/xsh_ping.o
 *fill*         0x000000000011957d        0x3 
 .rodata        0x0000000000119580      0x1e0 binaries/xsh_ps.o
 .rodata        0x0000000000119760       0xeb binaries/xsh_sleep.o
 *fill*         0x000000000011984b        0x1 
 .rodata        0x000000000011984c      0x1b8 binaries/xsh_udpdump.o
 .rodata        0x0000000000119a04      0x215 binaries/xsh_udpecho.o
 *fill*         0x0000000000119c19        0x3 
 .rodata        0x0000000000119c1c      0x12b binaries/xsh_udpserver.o
 *fill*         0x0000000000119d47        0x1 
 .rodata        0x0000000000119d48      0x105 binaries/xsh_uptime.o
                0x0000000000119e4d                etext = ABSOLUTE (.)
                0x000000000011a000                . = ALIGN (0x1000)
 *fill*         0x0000000000119e4d      0x1b3 

.eh_frame       0x000000000011a000     0x2d70
 .eh_frame      0x000000000011a000       0x38 binaries/ascdate.o
 .eh_frame      0x000000000011a038       0x20 binaries/bufinit.o
                                         0x38 (size before relaxing)
 .eh_frame      0x000000000011a058       0x20 binaries/chprio.o
                                         0x38 (size before relaxing)
 .eh_frame      0x000000000011a078       0x20 binaries/clkhandler.o
                                         0x38 (size before relaxing)
 .eh_frame      0x000000000011a098       0x20 binaries/clkinit.o
                                         0x38 (size before relaxing)
 .eh_frame      0x000000000011a0b8       0x20 binaries/close.o
                                         0x38 (size before relaxing)
 .eh_frame      0x000000000011a0d8       0x20 binaries/control.o
                                         0x38 (size before relaxing)
 .eh_frame      0x000000000011a0f8       0x40 binaries/create.o
                                         0x58 (size before relaxing)
 .eh_frame      0x000000000011a138       0x60 binaries/evec.o
                                         0x78 (size before relaxing)
 .eh_frame      0x000000000011a198       0x20 binaries/exit.o
                                         0x38 (size before relaxing)
 .eh_frame      0x000000000011a1b8       0x20 binaries/freebuf.o
                                         0x38 (size before relaxing)
 .eh_frame      0x000000000011a1d8       0x20 binaries/freemem.o
                                         0x38 (size before relaxing)
 .eh_frame      0x000000000011a1f8       0x20 binaries/getbuf.o
                                         0x38 (size before relaxing)
 .eh_frame      0x000000000011a218       0x20 binaries/getc.o
                                         0x38 (size before relaxing)
 .eh_frame      0x000000000011a238       0x20 binaries/getdev.o
                                         0x38 (size before relaxing)
 .eh_frame      0x000000000011a258       0x60 binaries/getitem.o
                                         0x78 (size before relaxing)
 .eh_frame      0x000000000011a2b8       0x20 binaries/getmem.o
                                         0x38 (size before relaxing)
 .eh_frame      0x000000000011a2d8       0x20 binaries/getpid.o
                                         0x38 (size before relaxing)
 .eh_frame      0x000000000011a2f8       0x20 binaries/getprio.o
                                         0x38 (size before relaxing)
 .eh_frame      0x000000000011a318       0x20 binaries/getstk.o
                                         0x38 (size before relaxing)
 .eh_frame      0x000000000011a338       0x20 binaries/getticks.o
                                         0x38 (size before relaxing)
 .eh_frame      0x000000000011a358       0x20 binaries/gettime.o
                                         0x38 (size before relaxing)
 .eh_frame      0x000000000011a378       0x20 binaries/getutime.o
                                         0x38 (size before relaxing)
 .eh_frame      0x000000000011a398       0x8c binaries/i386.o
                                         0xa4 (size before relaxing)
 .eh_frame      0x000000000011a424       0x20 binaries/init.o
                                         0x38 (size before relaxing)
 .eh_frame      0x000000000011a444       0xa0 binaries/initialize.o
                                         0xb8 (size before relaxing)
 .eh_frame      0x000000000011a4e4       0x20 binaries/insert.o
                                         0x38 (size before relaxing)
 .eh_frame      0x000000000011a504       0x20 binaries/insertd.o
                                         0x38 (size before relaxing)
 .eh_frame      0x000000000011a524       0x20 binaries/ioerr.o
                                         0x38 (size before relaxing)
 .eh_frame      0x000000000011a544       0x20 binaries/ionull.o
                                         0x38 (size before relaxing)
 .eh_frame      0x000000000011a564       0x20 binaries/kill.o
                                         0x38 (size before relaxing)
 .eh_frame      0x000000000011a584       0x60 binaries/kprintf.o
                                         0x78 (size before relaxing)
 .eh_frame      0x000000000011a5e4       0x2c binaries/main.o
                                         0x44 (size before relaxing)
 .eh_frame      0x000000000011a610       0x40 binaries/mark.o
                                         0x58 (size before relaxing)
 .eh_frame      0x000000000011a650       0x20 binaries/meminit.o
                                         0x38 (size before relaxing)
 .eh_frame      0x000000000011a670       0x20 binaries/mkbufpool.o
                                         0x38 (size before relaxing)
 .eh_frame      0x000000000011a690       0x20 binaries/newqueue.o
                                         0x38 (size before relaxing)
 .eh_frame      0x000000000011a6b0       0x20 binaries/open.o
                                         0x38 (size before relaxing)
 .eh_frame      0x000000000011a6d0       0x1c binaries/panic.o
                                         0x34 (size before relaxing)
 .eh_frame      0x000000000011a6ec      0x1c8 binaries/pci.o
                                        0x1e0 (size before relaxing)
 .eh_frame      0x000000000011a8b4      0x140 binaries/process1.o
                                        0x158 (size before relaxing)
 .eh_frame      0x000000000011a9f4       0x20 binaries/ptclear.o
                                         0x38 (size before relaxing)
 .eh_frame      0x000000000011aa14       0x20 binaries/ptcount.o
                                         0x38 (size before relaxing)
 .eh_frame      0x000000000011aa34       0x20 binaries/ptcreate.o
                                         0x38 (size before relaxing)
 .eh_frame      0x000000000011aa54       0x20 binaries/ptdelete.o
                                         0x38 (size before relaxing)
 .eh_frame      0x000000000011aa74       0x20 binaries/ptinit.o
                                         0x38 (size before relaxing)
 .eh_frame      0x000000000011aa94       0x20 binaries/ptrecv.o
                                         0x38 (size before relaxing)
 .eh_frame      0x000000000011aab4       0x20 binaries/ptreset.o
                                         0x38 (size before relaxing)
 .eh_frame      0x000000000011aad4       0x20 binaries/ptsend.o
                                         0x38 (size before relaxing)
 .eh_frame      0x000000000011aaf4       0x20 binaries/putc.o
                                         0x38 (size before relaxing)
 .eh_frame      0x000000000011ab14       0x40 binaries/queue.o
                                         0x58 (size before relaxing)
 .eh_frame      0x000000000011ab54       0x20 binaries/read.o
                                         0x38 (size before relaxing)
 .eh_frame      0x000000000011ab74       0x24 binaries/ready.o
                                         0x3c (size before relaxing)
 .eh_frame      0x000000000011ab98       0x20 binaries/receive.o
                                         0x38 (size before relaxing)
 .eh_frame      0x000000000011abb8       0x20 binaries/recvclr.o
                                         0x38 (size before relaxing)
 .eh_frame      0x000000000011abd8       0x20 binaries/recvtime.o
                                         0x38 (size before relaxing)
 .eh_frame      0x000000000011abf8       0x40 binaries/resched.o
                                         0x58 (size before relaxing)
 .eh_frame      0x000000000011ac38       0x20 binaries/resume.o
                                         0x38 (size before relaxing)
 .eh_frame      0x000000000011ac58       0x20 binaries/seek.o
                                         0x38 (size before relaxing)
 .eh_frame      0x000000000011ac78       0x20 binaries/semcount.o
                                         0x38 (size before relaxing)
 .eh_frame      0x000000000011ac98       0x40 binaries/semcreate.o
                                         0x58 (size before relaxing)
 .eh_frame      0x000000000011acd8       0x20 binaries/semdelete.o
                                         0x38 (size before relaxing)
 .eh_frame      0x000000000011acf8       0x20 binaries/semreset.o
                                         0x38 (size before relaxing)
 .eh_frame      0x000000000011ad18       0x20 binaries/send.o
                                         0x38 (size before relaxing)
 .eh_frame      0x000000000011ad38       0x20 binaries/signal.o
                                         0x38 (size before relaxing)
 .eh_frame      0x000000000011ad58       0x20 binaries/signaln.o
                                         0x38 (size before relaxing)
 .eh_frame      0x000000000011ad78       0x40 binaries/sleep.o
                                         0x58 (size before relaxing)
 .eh_frame      0x000000000011adb8       0x20 binaries/stacktrace.o
                                         0x38 (size before relaxing)
 .eh_frame      0x000000000011add8       0x20 binaries/suspend.o
                                         0x38 (size before relaxing)
 .eh_frame      0x000000000011adf8       0x20 binaries/unsleep.o
                                         0x38 (size before relaxing)
 .eh_frame      0x000000000011ae18       0x20 binaries/userret.o
                                         0x38 (size before relaxing)
 .eh_frame      0x000000000011ae38       0x20 binaries/wait.o
                                         0x38 (size before relaxing)
 .eh_frame      0x000000000011ae58       0x20 binaries/wakeup.o
                                         0x38 (size before relaxing)
 .eh_frame      0x000000000011ae78       0x20 binaries/write.o
                                         0x38 (size before relaxing)
 .eh_frame      0x000000000011ae98       0x20 binaries/xdone.o
                                         0x38 (size before relaxing)
 .eh_frame      0x000000000011aeb8       0x20 binaries/yield.o
                                         0x38 (size before relaxing)
 .eh_frame      0x000000000011aed8       0x20 binaries/abs.o
                                         0x38 (size before relaxing)
 .eh_frame      0x000000000011aef8       0x20 binaries/atoi.o
                                         0x38 (size before relaxing)
 .eh_frame      0x000000000011af18       0x20 binaries/atol.o
                                         0x38 (size before relaxing)
 .eh_frame      0x000000000011af38       0x20 binaries/bzero.o
                                         0x38 (size before relaxing)
 .eh_frame      0x000000000011af58       0xe0 binaries/doprnt.o
                                         0xf8 (size before relaxing)
 .eh_frame      0x000000000011b038       0xb0 binaries/doscan.o
                                         0xc8 (size before relaxing)
 .eh_frame      0x000000000011b0e8       0xc0 binaries/fdoprnt.o
                                         0xd8 (size before relaxing)
 .eh_frame      0x000000000011b1a8       0x20 binaries/fgetc.o
                                         0x38 (size before relaxing)
 .eh_frame      0x000000000011b1c8       0x20 binaries/fgets.o
                                         0x38 (size before relaxing)
 .eh_frame      0x000000000011b1e8       0x20 binaries/fprintf.o
                                         0x38 (size before relaxing)
 .eh_frame      0x000000000011b208       0x20 binaries/fputc.o
                                         0x38 (size before relaxing)
 .eh_frame      0x000000000011b228       0x20 binaries/fputs.o
                                         0x38 (size before relaxing)
 .eh_frame      0x000000000011b248       0x60 binaries/fscanf.o
                                         0x78 (size before relaxing)
 .eh_frame      0x000000000011b2a8       0x20 binaries/getchar.o
                                         0x38 (size before relaxing)
 .eh_frame      0x000000000011b2c8       0x20 binaries/labs.o
                                         0x38 (size before relaxing)
 .eh_frame      0x000000000011b2e8       0x20 binaries/memcmp.o
                                         0x38 (size before relaxing)
 .eh_frame      0x000000000011b308       0x24 binaries/memcpy.o
                                         0x3c (size before relaxing)
 .eh_frame      0x000000000011b32c       0x24 binaries/memset.o
                                         0x3c (size before relaxing)
 .eh_frame      0x000000000011b350       0x20 binaries/printf.o
                                         0x38 (size before relaxing)
 .eh_frame      0x000000000011b370       0x20 binaries/putchar.o
                                         0x38 (size before relaxing)
 .eh_frame      0x000000000011b390       0xa8 binaries/qsort.o
                                         0xc0 (size before relaxing)
 .eh_frame      0x000000000011b438       0x60 binaries/rand.o
                                         0x78 (size before relaxing)
 .eh_frame      0x000000000011b498       0x40 binaries/sprintf.o
                                         0x58 (size before relaxing)
 .eh_frame      0x000000000011b4d8       0x60 binaries/sscanf.o
                                         0x78 (size before relaxing)
 .eh_frame      0x000000000011b538       0x20 binaries/strchr.o
                                         0x38 (size before relaxing)
 .eh_frame      0x000000000011b558       0x20 binaries/strcmp.o
                                         0x38 (size before relaxing)
 .eh_frame      0x000000000011b578       0x20 binaries/strcpy.o
                                         0x38 (size before relaxing)
 .eh_frame      0x000000000011b598       0x20 binaries/strlen.o
                                         0x38 (size before relaxing)
 .eh_frame      0x000000000011b5b8       0x20 binaries/strncat.o
                                         0x38 (size before relaxing)
 .eh_frame      0x000000000011b5d8       0x20 binaries/strncmp.o
                                         0x38 (size before relaxing)
 .eh_frame      0x000000000011b5f8       0x28 binaries/strncpy.o
                                         0x40 (size before relaxing)
 .eh_frame      0x000000000011b620       0x20 binaries/strnlen.o
                                         0x38 (size before relaxing)
 .eh_frame      0x000000000011b640       0x20 binaries/strrchr.o
                                         0x38 (size before relaxing)
 .eh_frame      0x000000000011b660       0x20 binaries/strstr.o
                                         0x38 (size before relaxing)
 .eh_frame      0x000000000011b680       0x20 binaries/ttycontrol.o
                                         0x38 (size before relaxing)
 .eh_frame      0x000000000011b6a0       0x20 binaries/ttygetc.o
                                         0x38 (size before relaxing)
 .eh_frame      0x000000000011b6c0       0x80 binaries/ttyhandle_in.o
                                         0x98 (size before relaxing)
 .eh_frame      0x000000000011b740       0x20 binaries/ttyhandle_out.o
                                         0x38 (size before relaxing)
 .eh_frame      0x000000000011b760       0x20 binaries/ttyhandler.o
                                         0x38 (size before relaxing)
 .eh_frame      0x000000000011b780       0x20 binaries/ttyinit.o
                                         0x38 (size before relaxing)
 .eh_frame      0x000000000011b7a0       0x20 binaries/ttykickout.o
                                         0x38 (size before relaxing)
 .eh_frame      0x000000000011b7c0       0x20 binaries/ttyputc.o
                                         0x38 (size before relaxing)
 .eh_frame      0x000000000011b7e0       0x24 binaries/ttyread.o
                                         0x3c (size before relaxing)
 .eh_frame      0x000000000011b804       0x20 binaries/ttywrite.o
                                         0x38 (size before relaxing)
 .eh_frame      0x000000000011b824       0x40 binaries/mount.o
                                         0x58 (size before relaxing)
 .eh_frame      0x000000000011b864       0x20 binaries/naminit.o
                                         0x38 (size before relaxing)
 .eh_frame      0x000000000011b884       0x60 binaries/nammap.o
                                         0x78 (size before relaxing)
 .eh_frame      0x000000000011b8e4       0x20 binaries/namopen.o
                                         0x38 (size before relaxing)
 .eh_frame      0x000000000011b904      0x150 binaries/82545EMInit.o
                                        0x168 (size before relaxing)
 .eh_frame      0x000000000011ba54       0xa0 binaries/ethcontrol.o
                                         0xb8 (size before relaxing)
 .eh_frame      0x000000000011baf4       0x80 binaries/ethhandler.o
                                         0x98 (size before relaxing)
 .eh_frame      0x000000000011bb74       0x20 binaries/ethinit.o
                                         0x38 (size before relaxing)
 .eh_frame      0x000000000011bb94       0x60 binaries/ethread.o
                                         0x78 (size before relaxing)
 .eh_frame      0x000000000011bbf4       0x60 binaries/ethwrite.o
                                         0x78 (size before relaxing)
 .eh_frame      0x000000000011bc54       0x20 binaries/rdsbufalloc.o
                                         0x38 (size before relaxing)
 .eh_frame      0x000000000011bc74       0x20 binaries/rdsclose.o
                                         0x38 (size before relaxing)
 .eh_frame      0x000000000011bc94       0x20 binaries/rdscomm.o
                                         0x38 (size before relaxing)
 .eh_frame      0x000000000011bcb4       0x20 binaries/rdscontrol.o
                                         0x38 (size before relaxing)
 .eh_frame      0x000000000011bcd4       0x20 binaries/rdsinit.o
                                         0x38 (size before relaxing)
 .eh_frame      0x000000000011bcf4       0x20 binaries/rdsopen.o
                                         0x38 (size before relaxing)
 .eh_frame      0x000000000011bd14       0x1c binaries/rdsprocess.o
                                         0x34 (size before relaxing)
 .eh_frame      0x000000000011bd30       0x20 binaries/rdsread.o
                                         0x38 (size before relaxing)
 .eh_frame      0x000000000011bd50       0x20 binaries/rdswrite.o
                                         0x38 (size before relaxing)
 .eh_frame      0x000000000011bd70       0x20 binaries/ramclose.o
                                         0x38 (size before relaxing)
 .eh_frame      0x000000000011bd90       0x20 binaries/raminit.o
                                         0x38 (size before relaxing)
 .eh_frame      0x000000000011bdb0       0x20 binaries/ramopen.o
                                         0x38 (size before relaxing)
 .eh_frame      0x000000000011bdd0       0x20 binaries/ramread.o
                                         0x38 (size before relaxing)
 .eh_frame      0x000000000011bdf0       0x20 binaries/ramwrite.o
                                         0x38 (size before relaxing)
 .eh_frame      0x000000000011be10       0x20 binaries/lfdballoc.o
                                         0x38 (size before relaxing)
 .eh_frame      0x000000000011be30       0x20 binaries/lfdbfree.o
                                         0x38 (size before relaxing)
 .eh_frame      0x000000000011be50       0x20 binaries/lfflush.o
                                         0x38 (size before relaxing)
 .eh_frame      0x000000000011be70       0x20 binaries/lfgetmode.o
                                         0x38 (size before relaxing)
 .eh_frame      0x000000000011be90       0x20 binaries/lfiballoc.o
                                         0x38 (size before relaxing)
 .eh_frame      0x000000000011beb0       0x20 binaries/lfibclear.o
                                         0x38 (size before relaxing)
 .eh_frame      0x000000000011bed0       0x20 binaries/lfibget.o
                                         0x38 (size before relaxing)
 .eh_frame      0x000000000011bef0       0x20 binaries/lfibput.o
                                         0x38 (size before relaxing)
 .eh_frame      0x000000000011bf10       0x20 binaries/lflclose.o
                                         0x38 (size before relaxing)
 .eh_frame      0x000000000011bf30       0x20 binaries/lflcontrol.o
                                         0x38 (size before relaxing)
 .eh_frame      0x000000000011bf50       0x20 binaries/lflgetc.o
                                         0x38 (size before relaxing)
 .eh_frame      0x000000000011bf70       0x20 binaries/lflinit.o
                                         0x38 (size before relaxing)
 .eh_frame      0x000000000011bf90       0x20 binaries/lflputc.o
                                         0x38 (size before relaxing)
 .eh_frame      0x000000000011bfb0       0x20 binaries/lflread.o
                                         0x38 (size before relaxing)
 .eh_frame      0x000000000011bfd0       0x20 binaries/lflseek.o
                                         0x38 (size before relaxing)
 .eh_frame      0x000000000011bff0       0x20 binaries/lflwrite.o
                                         0x38 (size before relaxing)
 .eh_frame      0x000000000011c010       0x20 binaries/lfscheck.o
                                         0x38 (size before relaxing)
 .eh_frame      0x000000000011c030       0x20 binaries/lfsckfmt.o
                                         0x38 (size before relaxing)
 .eh_frame      0x000000000011c050       0x20 binaries/lfscreate.o
                                         0x38 (size before relaxing)
 .eh_frame      0x000000000011c070       0x20 binaries/lfsetup.o
                                         0x38 (size before relaxing)
 .eh_frame      0x000000000011c090       0x20 binaries/lfsinit.o
                                         0x38 (size before relaxing)
 .eh_frame      0x000000000011c0b0       0x20 binaries/lfsopen.o
                                         0x38 (size before relaxing)
 .eh_frame      0x000000000011c0d0       0x20 binaries/lftruncate.o
                                         0x38 (size before relaxing)
 .eh_frame      0x000000000011c0f0       0x20 binaries/rflclose.o
                                         0x38 (size before relaxing)
 .eh_frame      0x000000000011c110       0x20 binaries/rflgetc.o
                                         0x38 (size before relaxing)
 .eh_frame      0x000000000011c130       0x20 binaries/rflinit.o
                                         0x38 (size before relaxing)
 .eh_frame      0x000000000011c150       0x20 binaries/rflputc.o
                                         0x38 (size before relaxing)
 .eh_frame      0x000000000011c170       0x20 binaries/rflread.o
                                         0x38 (size before relaxing)
 .eh_frame      0x000000000011c190       0x20 binaries/rflseek.o
                                         0x38 (size before relaxing)
 .eh_frame      0x000000000011c1b0       0x20 binaries/rflwrite.o
                                         0x38 (size before relaxing)
 .eh_frame      0x000000000011c1d0       0x20 binaries/rfscomm.o
                                         0x38 (size before relaxing)
 .eh_frame      0x000000000011c1f0       0x20 binaries/rfscontrol.o
                                         0x38 (size before relaxing)
 .eh_frame      0x000000000011c210       0x20 binaries/rfsgetmode.o
                                         0x38 (size before relaxing)
 .eh_frame      0x000000000011c230       0x20 binaries/rfsinit.o
                                         0x38 (size before relaxing)
 .eh_frame      0x000000000011c250       0x20 binaries/rfsndmsg.o
                                         0x38 (size before relaxing)
 .eh_frame      0x000000000011c270       0x20 binaries/rfsopen.o
                                         0x38 (size before relaxing)
 .eh_frame      0x000000000011c290       0xc0 binaries/arp.o
                                         0xd8 (size before relaxing)
 .eh_frame      0x000000000011c350       0xa0 binaries/dhcp.o
                                         0xb8 (size before relaxing)
 .eh_frame      0x000000000011c3f0       0x80 binaries/dns.o
                                         0x98 (size before relaxing)
 .eh_frame      0x000000000011c470       0x20 binaries/dot2ip.o
                                         0x38 (size before relaxing)
 .eh_frame      0x000000000011c490       0x40 binaries/hexdump.o
                                         0x58 (size before relaxing)
 .eh_frame      0x000000000011c4d0      0x14c binaries/icmp.o
                                        0x164 (size before relaxing)
 .eh_frame      0x000000000011c61c      0x11c binaries/ip.o
                                        0x134 (size before relaxing)
 .eh_frame      0x000000000011c738       0xa0 binaries/net.o
                                         0xb8 (size before relaxing)
 .eh_frame      0x000000000011c7d8       0x60 binaries/pdump.o
                                         0x78 (size before relaxing)
 .eh_frame      0x000000000011c838       0x60 binaries/tftp.o
                                         0x78 (size before relaxing)
 .eh_frame      0x000000000011c898      0x140 binaries/udp.o
                                        0x158 (size before relaxing)
 .eh_frame      0x000000000011c9d8       0x20 binaries/addargs.o
                                         0x38 (size before relaxing)
 .eh_frame      0x000000000011c9f8       0x20 binaries/lexan.o
                                         0x38 (size before relaxing)
 .eh_frame      0x000000000011ca18       0x20 binaries/shell.o
                                         0x38 (size before relaxing)
 .eh_frame      0x000000000011ca38       0x20 binaries/xsh_argecho.o
                                         0x38 (size before relaxing)
 .eh_frame      0x000000000011ca58       0x40 binaries/xsh_arp.o
                                         0x58 (size before relaxing)
 .eh_frame      0x000000000011ca98       0x20 binaries/xsh_cat.o
                                         0x38 (size before relaxing)
 .eh_frame      0x000000000011cab8       0x20 binaries/xsh_clear.o
                                         0x38 (size before relaxing)
 .eh_frame      0x000000000011cad8       0x20 binaries/xsh_date.o
                                         0x38 (size before relaxing)
 .eh_frame      0x000000000011caf8       0x20 binaries/xsh_devdump.o
                                         0x38 (size before relaxing)
 .eh_frame      0x000000000011cb18       0x20 binaries/xsh_echo.o
                                         0x38 (size before relaxing)
 .eh_frame      0x000000000011cb38       0x20 binaries/xsh_exit.o
                                         0x38 (size before relaxing)
 .eh_frame      0x000000000011cb58       0x20 binaries/xsh_help.o
                                         0x38 (size before relaxing)
 .eh_frame      0x000000000011cb78       0x20 binaries/xsh_kill.o
                                         0x38 (size before relaxing)
 .eh_frame      0x000000000011cb98       0x40 binaries/xsh_memdump.o
                                         0x58 (size before relaxing)
 .eh_frame      0x000000000011cbd8       0x60 binaries/xsh_memstat.o
                                         0x78 (size before relaxing)
 .eh_frame      0x000000000011cc38       0x30 binaries/xsh_netinfo.o
                                         0x48 (size before relaxing)
 .eh_frame      0x000000000011cc68       0x24 binaries/xsh_ping.o
                                         0x3c (size before relaxing)
 .eh_frame      0x000000000011cc8c       0x30 binaries/xsh_ps.o
                                         0x48 (size before relaxing)
 .eh_frame      0x000000000011ccbc       0x20 binaries/xsh_sleep.o
                                         0x38 (size before relaxing)
 .eh_frame      0x000000000011ccdc       0x20 binaries/xsh_udpdump.o
                                         0x38 (size before relaxing)
 .eh_frame      0x000000000011ccfc       0x30 binaries/xsh_udpecho.o
                                         0x48 (size before relaxing)
 .eh_frame      0x000000000011cd2c       0x24 binaries/xsh_udpserver.o
                                         0x3c (size before relaxing)
 .eh_frame      0x000000000011cd50       0x20 binaries/xsh_uptime.o
                                         0x38 (size before relaxing)

.iplt           0x000000000011cd70        0x0
 .iplt          0x000000000011cd70        0x0 binaries/start.o

.rel.dyn        0x000000000011cd70        0x0
 .rel.iplt      0x000000000011cd70        0x0 binaries/start.o
 .rel.text      0x000000000011cd70        0x0 binaries/start.o
 .rel.data      0x000000000011cd70        0x0 binaries/start.o
 .rel.rodata    0x000000000011cd70        0x0 binaries/start.o

.data           0x000000000011cd80     0x1280
                0x000000000011cd80                data = ABSOLUTE (.)
 *(.data .data.*)
 .data          0x000000000011cd80      0x460 binaries/start.o
                0x000000000011cd80                gdt
                0x000000000011cdc0                gdtr
                0x000000000011cdc6                idt
                0x000000000011d1c6                idtr
                0x000000000011d1cc                cpudelay
                0x000000000011d1d0                _bootdev
                0x000000000011d1d4                _cyloffset
 .data          0x000000000011d1e0       0x88 binaries/ascdate.o
                0x000000000011d1e0                Date
 .data          0x000000000011d268        0x0 binaries/bufinit.o
 .data          0x000000000011d268        0x0 binaries/chprio.o
 .data          0x000000000011d268        0x4 binaries/clkhandler.o
 .data          0x000000000011d26c        0x0 binaries/clkinit.o
 .data          0x000000000011d26c        0x0 binaries/close.o
 *fill*         0x000000000011d26c       0x14 
 .data          0x000000000011d280      0x5a0 binaries/conf.o
                0x000000000011d280                devtab
 .data          0x000000000011d820        0x0 binaries/control.o
 .data          0x000000000011d820        0x4 binaries/create.o
 *fill*         0x000000000011d824       0x1c 
 .data          0x000000000011d840       0x40 binaries/evec.o
                0x000000000011d840                inames
 .data          0x000000000011d880        0x0 binaries/exit.o
 .data          0x000000000011d880        0x0 binaries/freebuf.o
 .data          0x000000000011d880        0x0 binaries/freemem.o
 .data          0x000000000011d880        0x0 binaries/getbuf.o
 .data          0x000000000011d880        0x0 binaries/getc.o
 .data          0x000000000011d880        0x0 binaries/getdev.o
 .data          0x000000000011d880        0x0 binaries/getitem.o
 .data          0x000000000011d880        0x0 binaries/getmem.o
 .data          0x000000000011d880        0x0 binaries/getpid.o
 .data          0x000000000011d880        0x0 binaries/getprio.o
 .data          0x000000000011d880        0x0 binaries/getstk.o
 .data          0x000000000011d880        0x0 binaries/getticks.o
 .data          0x000000000011d880        0x0 binaries/gettime.o
 .data          0x000000000011d880        0x0 binaries/getutime.o
 .data          0x000000000011d880       0x40 binaries/i386.o
                0x000000000011d880                gdt_copy
 .data          0x000000000011d8c0        0x0 binaries/init.o
 .data          0x000000000011d8c0        0x0 binaries/initialize.o
 .data          0x000000000011d8c0        0x0 binaries/insert.o
 .data          0x000000000011d8c0        0x0 binaries/insertd.o
 .data          0x000000000011d8c0        0x0 binaries/ioerr.o
 .data          0x000000000011d8c0        0x0 binaries/ionull.o
 .data          0x000000000011d8c0        0x0 binaries/kill.o
 .data          0x000000000011d8c0        0x0 binaries/kprintf.o
 .data          0x000000000011d8c0        0x0 binaries/main.o
 .data          0x000000000011d8c0        0x0 binaries/mark.o
 .data          0x000000000011d8c0        0x0 binaries/meminit.o
 .data          0x000000000011d8c0        0x0 binaries/mkbufpool.o
 .data          0x000000000011d8c0        0x2 binaries/newqueue.o
 .data          0x000000000011d8c2        0x0 binaries/open.o
 .data          0x000000000011d8c2        0x0 binaries/panic.o
 *fill*         0x000000000011d8c2        0x2 
 .data          0x000000000011d8c4       0x10 binaries/pci.o
 .data          0x000000000011d8d4        0x0 binaries/process1.o
 .data          0x000000000011d8d4        0x0 binaries/ptclear.o
 .data          0x000000000011d8d4        0x0 binaries/ptcount.o
 .data          0x000000000011d8d4        0x0 binaries/ptcreate.o
 .data          0x000000000011d8d4        0x0 binaries/ptdelete.o
 .data          0x000000000011d8d4        0x0 binaries/ptinit.o
 .data          0x000000000011d8d4        0x0 binaries/ptrecv.o
 .data          0x000000000011d8d4        0x0 binaries/ptreset.o
 .data          0x000000000011d8d4        0x0 binaries/ptsend.o
 .data          0x000000000011d8d4        0x0 binaries/putc.o
 .data          0x000000000011d8d4        0x0 binaries/queue.o
 .data          0x000000000011d8d4        0x0 binaries/read.o
[...]
 .comment       0x000000000000001d       0x1e binaries/dhcp.o
 .comment       0x000000000000001d       0x1e binaries/dns.o
 .comment       0x000000000000001d       0x1e binaries/dot2ip.o
 .comment       0x000000000000001d       0x1e binaries/hexdump.o
 .comment       0x000000000000001d       0x1e binaries/icmp.o
 .comment       0x000000000000001d       0x1e binaries/ip.o
 .comment       0x000000000000001d       0x1e binaries/net.o
 .comment       0x000000000000001d       0x1e binaries/pdump.o
 .comment       0x000000000000001d       0x1e binaries/tftp.o
 .comment       0x000000000000001d       0x1e binaries/udp.o
 .comment       0x000000000000001d       0x1e binaries/addargs.o
 .comment       0x000000000000001d       0x1e binaries/lexan.o
 .comment       0x000000000000001d       0x1e binaries/shell.o
 .comment       0x000000000000001d       0x1e binaries/xsh_argecho.o
 .comment       0x000000000000001d       0x1e binaries/xsh_arp.o
 .comment       0x000000000000001d       0x1e binaries/xsh_cat.o
 .comment       0x000000000000001d       0x1e binaries/xsh_clear.o
 .comment       0x000000000000001d       0x1e binaries/xsh_date.o
 .comment       0x000000000000001d       0x1e binaries/xsh_devdump.o
 .comment       0x000000000000001d       0x1e binaries/xsh_echo.o
 .comment       0x000000000000001d       0x1e binaries/xsh_exit.o
 .comment       0x000000000000001d       0x1e binaries/xsh_help.o
 .comment       0x000000000000001d       0x1e binaries/xsh_kill.o
 .comment       0x000000000000001d       0x1e binaries/xsh_memdump.o
 .comment       0x000000000000001d       0x1e binaries/xsh_memstat.o
 .comment       0x000000000000001d       0x1e binaries/xsh_netinfo.o
 .comment       0x000000000000001d       0x1e binaries/xsh_ping.o
 .comment       0x000000000000001d       0x1e binaries/xsh_ps.o
 .comment       0x000000000000001d       0x1e binaries/xsh_sleep.o
 .comment       0x000000000000001d       0x1e binaries/xsh_udpdump.o
 .comment       0x000000000000001d       0x1e binaries/xsh_udpecho.o
 .comment       0x000000000000001d       0x1e binaries/xsh_udpserver.o
 .comment       0x000000000000001d       0x1e binaries/xsh_uptime.o

.note.GNU-stack
                0x0000000000000000        0x0
 .note.GNU-stack
                0x0000000000000000        0x0 binaries/ascdate.o
 .note.GNU-stack
                0x0000000000000000        0x0 binaries/bufinit.o
 .note.GNU-stack
                0x0000000000000000        0x0 binaries/chprio.o
 .note.GNU-stack
                0x0000000000000000        0x0 binaries/clkhandler.o
 .note.GNU-stack
                0x0000000000000000        0x0 binaries/clkinit.o
 .note.GNU-stack
                0x0000000000000000        0x0 binaries/close.o
 .note.GNU-stack
                0x0000000000000000        0x0 binaries/conf.o
 .note.GNU-stack
                0x0000000000000000        0x0 binaries/control.o
 .note.GNU-stack
                0x0000000000000000        0x0 binaries/create.o
 .note.GNU-stack
                0x0000000000000000        0x0 binaries/evec.o
 .note.GNU-stack
                0x0000000000000000        0x0 binaries/exit.o
 .note.GNU-stack
                0x0000000000000000        0x0 binaries/freebuf.o
 .note.GNU-stack
                0x0000000000000000        0x0 binaries/freemem.o
 .note.GNU-stack
                0x0000000000000000        0x0 binaries/getbuf.o
 .note.GNU-stack
                0x0000000000000000        0x0 binaries/getc.o
 .note.GNU-stack
                0x0000000000000000        0x0 binaries/getdev.o
 .note.GNU-stack
                0x0000000000000000        0x0 binaries/getitem.o
 .note.GNU-stack
                0x0000000000000000        0x0 binaries/getmem.o
 .note.GNU-stack
                0x0000000000000000        0x0 binaries/getpid.o
 .note.GNU-stack
                0x0000000000000000        0x0 binaries/getprio.o
 .note.GNU-stack
                0x0000000000000000        0x0 binaries/getstk.o
 .note.GNU-stack
                0x0000000000000000        0x0 binaries/getticks.o
 .note.GNU-stack
                0x0000000000000000        0x0 binaries/gettime.o
 .note.GNU-stack
                0x0000000000000000        0x0 binaries/getutime.o
 .note.GNU-stack
                0x0000000000000000        0x0 binaries/i386.o
 .note.GNU-stack
                0x0000000000000000        0x0 binaries/init.o
 .note.GNU-stack
                0x0000000000000000        0x0 binaries/initialize.o
 .note.GNU-stack
                0x0000000000000000        0x0 binaries/insert.o
 .note.GNU-stack
                0x0000000000000000        0x0 binaries/insertd.o
 .note.GNU-stack
                0x0000000000000000        0x0 binaries/ioerr.o
 .note.GNU-stack
                0x0000000000000000        0x0 binaries/ionull.o
 .note.GNU-stack
                0x0000000000000000        0x0 binaries/kill.o
 .note.GNU-stack
                0x0000000000000000        0x0 binaries/kprintf.o
 .note.GNU-stack
                0x0000000000000000        0x0 binaries/main.o
 .note.GNU-stack
                0x0000000000000000        0x0 binaries/mark.o
 .note.GNU-stack
                0x0000000000000000        0x0 binaries/meminit.o
 .note.GNU-stack
                0x0000000000000000        0x0 binaries/mkbufpool.o
 .note.GNU-stack
                0x0000000000000000        0x0 binaries/newqueue.o
 .note.GNU-stack
                0x0000000000000000        0x0 binaries/open.o
 .note.GNU-stack
                0x0000000000000000        0x0 binaries/panic.o
 .note.GNU-stack
                0x0000000000000000        0x0 binaries/pci.o
 .note.GNU-stack
                0x0000000000000000        0x0 binaries/process1.o
 .note.GNU-stack
                0x0000000000000000        0x0 binaries/ptclear.o
 .note.GNU-stack
                0x0000000000000000        0x0 binaries/ptcount.o
 .note.GNU-stack
                0x0000000000000000        0x0 binaries/ptcreate.o
 .note.GNU-stack
                0x0000000000000000        0x0 binaries/ptdelete.o
 .note.GNU-stack
                0x0000000000000000        0x0 binaries/ptinit.o
 .note.GNU-stack
                0x0000000000000000        0x0 binaries/ptrecv.o
 .note.GNU-stack
                0x0000000000000000        0x0 binaries/ptreset.o
 .note.GNU-stack
                0x0000000000000000        0x0 binaries/ptsend.o
 .note.GNU-stack
                0x0000000000000000        0x0 binaries/putc.o
 .note.GNU-stack
                0x0000000000000000        0x0 binaries/queue.o
 .note.GNU-stack
                0x0000000000000000        0x0 binaries/read.o
 .note.GNU-stack
                0x0000000000000000        0x0 binaries/ready.o
 .note.GNU-stack
                0x0000000000000000        0x0 binaries/receive.o
 .note.GNU-stack
                0x0000000000000000        0x0 binaries/recvclr.o
 .note.GNU-stack
                0x0000000000000000        0x0 binaries/recvtime.o
 .note.GNU-stack
                0x0000000000000000        0x0 binaries/resched.o
 .note.GNU-stack
                0x0000000000000000        0x0 binaries/resume.o
 .note.GNU-stack
                0x0000000000000000        0x0 binaries/seek.o
 .note.GNU-stack
                0x0000000000000000        0x0 binaries/semcount.o
 .note.GNU-stack
                0x0000000000000000        0x0 binaries/semcreate.o
 .note.GNU-stack
                0x0000000000000000        0x0 binaries/semdelete.o
 .note.GNU-stack
                0x0000000000000000        0x0 binaries/semreset.o
 .note.GNU-stack
                0x0000000000000000        0x0 binaries/send.o
 .note.GNU-stack
                0x0000000000000000        0x0 binaries/signal.o
 .note.GNU-stack
                0x0000000000000000        0x0 binaries/signaln.o
 .note.GNU-stack
                0x0000000000000000        0x0 binaries/sleep.o
 .note.GNU-stack
                0x0000000000000000        0x0 binaries/stacktrace.o
 .note.GNU-stack
                0x0000000000000000        0x0 binaries/suspend.o
 .note.GNU-stack
                0x0000000000000000        0x0 binaries/unsleep.o
 .note.GNU-stack
                0x0000000000000000        0x0 binaries/userret.o
 .note.GNU-stack
                0x0000000000000000        0x0 binaries/wait.o
 .note.GNU-stack
                0x0000000000000000        0x0 binaries/wakeup.o
 .note.GNU-stack
                0x0000000000000000        0x0 binaries/write.o
 .note.GNU-stack
                0x0000000000000000        0x0 binaries/xdone.o
 .note.GNU-stack
                0x0000000000000000        0x0 binaries/yield.o
 .note.GNU-stack
                0x0000000000000000        0x0 binaries/abs.o
 .note.GNU-stack
                0x0000000000000000        0x0 binaries/atoi.o
 .note.GNU-stack
                0x0000000000000000        0x0 binaries/atol.o
 .note.GNU-stack
                0x0000000000000000        0x0 binaries/bzero.o
 .note.GNU-stack
                0x0000000000000000        0x0 binaries/ctype_.o
 .note.GNU-stack
                0x0000000000000000        0x0 binaries/doprnt.o
 .note.GNU-stack
                0x0000000000000000        0x0 binaries/doscan.o
 .note.GNU-stack
                0x0000000000000000        0x0 binaries/fdoprnt.o
 .note.GNU-stack
                0x0000000000000000        0x0 binaries/fgetc.o
 .note.GNU-stack
                0x0000000000000000        0x0 binaries/fgets.o
 .note.GNU-stack
                0x0000000000000000        0x0 binaries/fprintf.o
 .note.GNU-stack
                0x0000000000000000        0x0 binaries/fputc.o
 .note.GNU-stack
                0x0000000000000000        0x0 binaries/fputs.o
 .note.GNU-stack
                0x0000000000000000        0x0 binaries/fscanf.o
 .note.GNU-stack
                0x0000000000000000        0x0 binaries/getchar.o
 .note.GNU-stack
                0x0000000000000000        0x0 binaries/labs.o
 .note.GNU-stack
                0x0000000000000000        0x0 binaries/memchr.o
 .note.GNU-stack
                0x0000000000000000        0x0 binaries/memcmp.o
 .note.GNU-stack
                0x0000000000000000        0x0 binaries/memcpy.o
 .note.GNU-stack
                0x0000000000000000        0x0 binaries/memset.o
 .note.GNU-stack
                0x0000000000000000        0x0 binaries/printf.o
 .note.GNU-stack
                0x0000000000000000        0x0 binaries/putchar.o
 .note.GNU-stack
                0x0000000000000000        0x0 binaries/qsort.o
 .note.GNU-stack
                0x0000000000000000        0x0 binaries/rand.o
 .note.GNU-stack
                0x0000000000000000        0x0 binaries/sprintf.o
 .note.GNU-stack
                0x0000000000000000        0x0 binaries/sscanf.o
 .note.GNU-stack
                0x0000000000000000        0x0 binaries/strchr.o
 .note.GNU-stack
                0x0000000000000000        0x0 binaries/strcmp.o
 .note.GNU-stack
                0x0000000000000000        0x0 binaries/strcpy.o
 .note.GNU-stack
                0x0000000000000000        0x0 binaries/strlen.o
 .note.GNU-stack
                0x0000000000000000        0x0 binaries/strncat.o
 .note.GNU-stack
                0x0000000000000000        0x0 binaries/strncmp.o
 .note.GNU-stack
                0x0000000000000000        0x0 binaries/strncpy.o
 .note.GNU-stack
                0x0000000000000000        0x0 binaries/strnlen.o
 .note.GNU-stack
                0x0000000000000000        0x0 binaries/strrchr.o
 .note.GNU-stack
                0x0000000000000000        0x0 binaries/strstr.o
 .note.GNU-stack
                0x0000000000000000        0x0 binaries/ttycontrol.o
 .note.GNU-stack
                0x0000000000000000        0x0 binaries/ttygetc.o
 .note.GNU-stack
                0x0000000000000000        0x0 binaries/ttyhandle_in.o
 .note.GNU-stack
                0x0000000000000000        0x0 binaries/ttyhandle_out.o
 .note.GNU-stack
                0x0000000000000000        0x0 binaries/ttyhandler.o
 .note.GNU-stack
                0x0000000000000000        0x0 binaries/ttyinit.o
 .note.GNU-stack
                0x0000000000000000        0x0 binaries/ttykickout.o
 .note.GNU-stack
                0x0000000000000000        0x0 binaries/ttyputc.o
 .note.GNU-stack
                0x0000000000000000        0x0 binaries/ttyread.o
 .note.GNU-stack
                0x0000000000000000        0x0 binaries/ttywrite.o
 .note.GNU-stack
                0x0000000000000000        0x0 binaries/mount.o
 .note.GNU-stack
                0x0000000000000000        0x0 binaries/naminit.o
 .note.GNU-stack
                0x0000000000000000        0x0 binaries/nammap.o
 .note.GNU-stack
                0x0000000000000000        0x0 binaries/namopen.o
 .note.GNU-stack
                0x0000000000000000        0x0 binaries/82545EMInit.o
 .note.GNU-stack
                0x0000000000000000        0x0 binaries/ethcontrol.o
 .note.GNU-stack
                0x0000000000000000        0x0 binaries/ethhandler.o
 .note.GNU-stack
                0x0000000000000000        0x0 binaries/ethinit.o
 .note.GNU-stack
                0x0000000000000000        0x0 binaries/ethread.o
 .note.GNU-stack
                0x0000000000000000        0x0 binaries/ethwrite.o
 .note.GNU-stack
                0x0000000000000000        0x0 binaries/rdsbufalloc.o
 .note.GNU-stack
                0x0000000000000000        0x0 binaries/rdsclose.o
 .note.GNU-stack
                0x0000000000000000        0x0 binaries/rdscomm.o
 .note.GNU-stack
                0x0000000000000000        0x0 binaries/rdscontrol.o
 .note.GNU-stack
                0x0000000000000000        0x0 binaries/rdsinit.o
 .note.GNU-stack
                0x0000000000000000        0x0 binaries/rdsopen.o
 .note.GNU-stack
                0x0000000000000000        0x0 binaries/rdsprocess.o
 .note.GNU-stack
                0x0000000000000000        0x0 binaries/rdsread.o
 .note.GNU-stack
                0x0000000000000000        0x0 binaries/rdswrite.o
 .note.GNU-stack
                0x0000000000000000        0x0 binaries/ramclose.o
 .note.GNU-stack
                0x0000000000000000        0x0 binaries/raminit.o
 .note.GNU-stack
                0x0000000000000000        0x0 binaries/ramopen.o
 .note.GNU-stack
                0x0000000000000000        0x0 binaries/ramread.o
 .note.GNU-stack
                0x0000000000000000        0x0 binaries/ramwrite.o
 .note.GNU-stack
                0x0000000000000000        0x0 binaries/lfdballoc.o
 .note.GNU-stack
                0x0000000000000000        0x0 binaries/lfdbfree.o
 .note.GNU-stack
                0x0000000000000000        0x0 binaries/lfflush.o
 .note.GNU-stack
                0x0000000000000000        0x0 binaries/lfgetmode.o
 .note.GNU-stack
                0x0000000000000000        0x0 binaries/lfiballoc.o
 .note.GNU-stack
                0x0000000000000000        0x0 binaries/lfibclear.o
 .note.GNU-stack
                0x0000000000000000        0x0 binaries/lfibget.o
 .note.GNU-stack
                0x0000000000000000        0x0 binaries/lfibput.o
 .note.GNU-stack
                0x0000000000000000        0x0 binaries/lflclose.o
 .note.GNU-stack
                0x0000000000000000        0x0 binaries/lflcontrol.o
 .note.GNU-stack
                0x0000000000000000        0x0 binaries/lflgetc.o
 .note.GNU-stack
                0x0000000000000000        0x0 binaries/lflinit.o
 .note.GNU-stack
                0x0000000000000000        0x0 binaries/lflputc.o
 .note.GNU-stack
                0x0000000000000000        0x0 binaries/lflread.o
 .note.GNU-stack
                0x0000000000000000        0x0 binaries/lflseek.o
 .note.GNU-stack
                0x0000000000000000        0x0 binaries/lflwrite.o
 .note.GNU-stack
                0x0000000000000000        0x0 binaries/lfscheck.o
 .note.GNU-stack
                0x0000000000000000        0x0 binaries/lfsckfmt.o
 .note.GNU-stack
                0x0000000000000000        0x0 binaries/lfscreate.o
 .note.GNU-stack
                0x0000000000000000        0x0 binaries/lfsetup.o
 .note.GNU-stack
                0x0000000000000000        0x0 binaries/lfsinit.o
 .note.GNU-stack
                0x0000000000000000        0x0 binaries/lfsopen.o
 .note.GNU-stack
                0x0000000000000000        0x0 binaries/lftruncate.o
 .note.GNU-stack
                0x0000000000000000        0x0 binaries/rflclose.o
 .note.GNU-stack
                0x0000000000000000        0x0 binaries/rflgetc.o
 .note.GNU-stack
                0x0000000000000000        0x0 binaries/rflinit.o
 .note.GNU-stack
                0x0000000000000000        0x0 binaries/rflputc.o
 .note.GNU-stack
                0x0000000000000000        0x0 binaries/rflread.o
 .note.GNU-stack
                0x0000000000000000        0x0 binaries/rflseek.o
 .note.GNU-stack
                0x0000000000000000        0x0 binaries/rflwrite.o
 .note.GNU-stack
                0x0000000000000000        0x0 binaries/rfscomm.o
 .note.GNU-stack
                0x0000000000000000        0x0 binaries/rfscontrol.o
 .note.GNU-stack
                0x0000000000000000        0x0 binaries/rfsgetmode.o
 .note.GNU-stack
                0x0000000000000000        0x0 binaries/rfsinit.o
 .note.GNU-stack
                0x0000000000000000        0x0 binaries/rfsndmsg.o
 .note.GNU-stack
                0x0000000000000000        0x0 binaries/rfsopen.o
 .note.GNU-stack
                0x0000000000000000        0x0 binaries/arp.o
 .note.GNU-stack
                0x0000000000000000        0x0 binaries/dhcp.o
 .note.GNU-stack
                0x0000000000000000        0x0 binaries/dns.o
 .note.GNU-stack
                0x0000000000000000        0x0 binaries/dot2ip.o
 .note.GNU-stack
                0x0000000000000000        0x0 binaries/hexdump.o
 .note.GNU-stack
                0x0000000000000000        0x0 binaries/icmp.o
 .note.GNU-stack
                0x0000000000000000        0x0 binaries/ip.o
 .note.GNU-stack
                0x0000000000000000        0x0 binaries/net.o
 .note.GNU-stack
                0x0000000000000000        0x0 binaries/pdump.o
 .note.GNU-stack
                0x0000000000000000        0x0 binaries/tftp.o
 .note.GNU-stack
                0x0000000000000000        0x0 binaries/udp.o
 .note.GNU-stack
                0x0000000000000000        0x0 binaries/addargs.o
 .note.GNU-stack
                0x0000000000000000        0x0 binaries/lexan.o
 .note.GNU-stack
                0x0000000000000000        0x0 binaries/shell.o
 .note.GNU-stack
                0x0000000000000000        0x0 binaries/xsh_argecho.o
 .note.GNU-stack
                0x0000000000000000        0x0 binaries/xsh_arp.o
 .note.GNU-stack
                0x0000000000000000        0x0 binaries/xsh_cat.o
 .note.GNU-stack
                0x0000000000000000        0x0 binaries/xsh_clear.o
 .note.GNU-stack
                0x0000000000000000        0x0 binaries/xsh_date.o
 .note.GNU-stack
                0x0000000000000000        0x0 binaries/xsh_devdump.o
 .note.GNU-stack
                0x0000000000000000        0x0 binaries/xsh_echo.o
 .note.GNU-stack
                0x0000000000000000        0x0 binaries/xsh_exit.o
 .note.GNU-stack
                0x0000000000000000        0x0 binaries/xsh_help.o
 .note.GNU-stack
                0x0000000000000000        0x0 binaries/xsh_kill.o
 .note.GNU-stack
                0x0000000000000000        0x0 binaries/xsh_memdump.o
 .note.GNU-stack
                0x0000000000000000        0x0 binaries/xsh_memstat.o
 .note.GNU-stack
                0x0000000000000000        0x0 binaries/xsh_netinfo.o
 .note.GNU-stack
                0x0000000000000000        0x0 binaries/xsh_ping.o
 .note.GNU-stack
                0x0000000000000000        0x0 binaries/xsh_ps.o
 .note.GNU-stack
                0x0000000000000000        0x0 binaries/xsh_sleep.o
 .note.GNU-stack
                0x0000000000000000        0x0 binaries/xsh_udpdump.o
 .note.GNU-stack
                0x0000000000000000        0x0 binaries/xsh_udpecho.o
 .note.GNU-stack
                0x0000000000000000        0x0 binaries/xsh_udpserver.o
 .note.GNU-stack
                0x0000000000000000        0x0 binaries/xsh_uptime.o
